   ,     #_
   ~\_  ####_        Amazon Linux 2023
  ~~  \_#####\
  ~~     \###|
  ~~       \#/ ___   https://aws.amazon.com/linux/amazon-linux-2023
   ~~       V~' '->
    ~~~         /
      ~~._.   _/
         _/ _/
       _/m/'
[ec2-user@ip-10-1-11-4 ~]$ mysql -u admin -p -h udacity-primary.c82ibkwjfruj.us-east-1.rds.amazonaws.com
-bash: mysql: command not found
[ec2-user@ip-10-1-11-4 ~]$ pip list
-bash: pip: command not found
[ec2-user@ip-10-1-11-4 ~]$ ls
[ec2-user@ip-10-1-11-4 ~]$ sudo su -
[root@ip-10-1-11-4 ~]# dnf -y localinstall https://dev.mysql.com/get/mysql80-community-release-el9-4.noarch.rpm
Last metadata expiration check: 0:26:08 ago on Mon Mar 11 16:39:52 2024.
mysql80-community-release-el9-4.noarch.rpm                                                                           52 kB/s |  13 kB     00:00    
Dependencies resolved.
====================================================================================================================================================
 Package                                         Architecture                 Version                      Repository                          Size
====================================================================================================================================================
Installing:
 mysql80-community-release                       noarch                       el9-5                        @commandline                        13 k

Transaction Summary
====================================================================================================================================================
Install  1 Package

Total size: 13 k
Installed size: 12 k
Downloading Packages:
Running transaction check
Transaction check succeeded.
Running transaction test
Transaction test succeeded.
Running transaction
  Preparing        :                                                                                                                            1/1 
  Installing       : mysql80-community-release-el9-5.noarch                                                                                     1/1 
  Verifying        : mysql80-community-release-el9-5.noarch                                                                                     1/1 

Installed:
  mysql80-community-release-el9-5.noarch                                                                                                            

Complete!
[root@ip-10-1-11-4 ~]# dnf -y install mysql mysql-community-client
MySQL 8.0 Community Server                                                                                           13 MB/s | 1.4 MB     00:00    
MySQL Connectors Community                                                                                          957 kB/s |  45 kB     00:00    
MySQL Tools Community                                                                                               6.4 MB/s | 536 kB     00:00    
Dependencies resolved.
====================================================================================================================================================
 Package                                          Architecture             Version                        Repository                           Size
====================================================================================================================================================
Installing:
 mysql-community-client                           x86_64                   8.0.36-1.el9                   mysql80-community                   3.4 M
Installing dependencies:
 mysql-community-client-plugins                   x86_64                   8.0.36-1.el9                   mysql80-community                   1.4 M
 mysql-community-common                           x86_64                   8.0.36-1.el9                   mysql80-community                   556 k
 mysql-community-libs                             x86_64                   8.0.36-1.el9                   mysql80-community                   1.4 M

Transaction Summary
====================================================================================================================================================
Install  4 Packages

Total download size: 6.8 M
Installed size: 95 M
Downloading Packages:
(1/4): mysql-community-common-8.0.36-1.el9.x86_64.rpm                                                               5.4 MB/s | 556 kB     00:00    
(2/4): mysql-community-client-plugins-8.0.36-1.el9.x86_64.rpm                                                        11 MB/s | 1.4 MB     00:00    
(3/4): mysql-community-client-8.0.36-1.el9.x86_64.rpm                                                                21 MB/s | 3.4 MB     00:00    
(4/4): mysql-community-libs-8.0.36-1.el9.x86_64.rpm                                                                  18 MB/s | 1.4 MB     00:00    
----------------------------------------------------------------------------------------------------------------------------------------------------
Total                                                                                                                36 MB/s | 6.8 MB     00:00     
MySQL 8.0 Community Server                                                                                          3.0 MB/s | 3.1 kB     00:00    
Importing GPG key 0xA8D3785C:
 Userid     : "MySQL Release Engineering <mysql-build@oss.oracle.com>"
 Fingerprint: BCA4 3417 C3B4 85DD 128E C6D4 B7B3 B788 A8D3 785C
 From       : /etc/pki/rpm-gpg/RPM-GPG-KEY-mysql-2023
Key imported successfully
MySQL 8.0 Community Server                                                                                          3.0 MB/s | 3.1 kB     00:00    
Importing GPG key 0x3A79BD29:
 Userid     : "MySQL Release Engineering <mysql-build@oss.oracle.com>"
 Fingerprint: 859B E8D7 C586 F538 430B 19C2 467B 942D 3A79 BD29
 From       : /etc/pki/rpm-gpg/RPM-GPG-KEY-mysql-2022
Key imported successfully
Running transaction check
Transaction check succeeded.
Running transaction test
Transaction test succeeded.
Running transaction
  Preparing        :                                                                                                                            1/1 
  Installing       : mysql-community-client-plugins-8.0.36-1.el9.x86_64                                                                         1/4 
  Installing       : mysql-community-common-8.0.36-1.el9.x86_64                                                                                 2/4 
  Installing       : mysql-community-libs-8.0.36-1.el9.x86_64                                                                                   3/4 
  Running scriptlet: mysql-community-libs-8.0.36-1.el9.x86_64                                                                                   3/4 
  Installing       : mysql-community-client-8.0.36-1.el9.x86_64                                                                                 4/4 
  Running scriptlet: mysql-community-client-8.0.36-1.el9.x86_64                                                                                 4/4 
  Verifying        : mysql-community-client-8.0.36-1.el9.x86_64                                                                                 1/4 
  Verifying        : mysql-community-client-plugins-8.0.36-1.el9.x86_64                                                                         2/4 
  Verifying        : mysql-community-common-8.0.36-1.el9.x86_64                                                                                 3/4 
  Verifying        : mysql-community-libs-8.0.36-1.el9.x86_64                                                                                   4/4 

Installed:
  mysql-community-client-8.0.36-1.el9.x86_64    mysql-community-client-plugins-8.0.36-1.el9.x86_64    mysql-community-common-8.0.36-1.el9.x86_64   
  mysql-community-libs-8.0.36-1.el9.x86_64     

Complete!
[root@ip-10-1-11-4 ~]# exit
logout
[ec2-user@ip-10-1-11-4 ~]$ mysql -u admin -p -h udacity-primary.c82ibkwjfruj.us-east-1.rds.amazonaws.com
Enter password: 
Welcome to the MySQL monitor.  Commands end with ; or \g.
Your MySQL connection id is 38
Server version: 8.0.35 Source distribution

Copyright (c) 2000, 2024, Oracle and/or its affiliates.

Oracle is a registered trademark of Oracle Corporation and/or its
affiliates. Other names may be trademarks of their respective
owners.

Type 'help;' or '\h' for help. Type '\c' to clear the current input statement.

mysql> show database;
ERROR 1064 (42000): You have an error in your SQL syntax; check the manual that corresponds to your MySQL server version for the right syntax to use near 'database' at line 1
mysql> show databases;
+--------------------+
| Database           |
+--------------------+
| information_schema |
| mysql              |
| performance_schema |
| sys                |
| udacity            |
+--------------------+
5 rows in set (0.01 sec)

mysql> use udacity;
Database changed
mysql> show tables;
Empty set (0.00 sec)

mysql> create table tutorials(  \
    ->     ->     tutorial_id INT NOT NULL AUTO_INCREMENT, \
    ->     ->     tutorial_title VARCHAR(100) NOT NULL, \
    ->     ->     tutorial_author VARCHAR(40) NOT NULL, \
    ->     ->     PRIMARY KEY ( tutorial_id ) \
    ->     ->   );
ERROR 1064 (42000): You have an error in your SQL syntax; check the manual that corresponds to your MySQL server version for the right syntax to use near '->     tutorial_id INT NOT NULL AUTO_INCREMENT, 
    ->     tutorial_title VARCH' at line 2
mysql> create table tutorials(  \
    -> tutorial_id INT NOT NULL AUTO_INCREMENT, \
    -> tutorial_title VARCHAR(100) NOT NULL, \
    -> tutorial_author VARCHAR(40) NOT NULL, \
    -> PRIMARY KEY ( tutorial_id ) \
    -> );
Query OK, 0 rows affected (0.04 sec)

mysql> show tables;
+-------------------+
| Tables_in_udacity |
+-------------------+
| tutorials         |
+-------------------+
1 row in set (0.00 sec)

mysql> insert into  tutorials (tutorial_title, tutorial_author ) values ('Udacity AWS', 'Max');
Query OK, 1 row affected (0.01 sec)

mysql> insert into  tutorials (tutorial_title, tutorial_author ) values ('Udacity AWS - RDS', 'Max');
Query OK, 1 row affected (0.00 sec)

mysql> select * from tutorials ;
+-------------+-------------------+-----------------+
| tutorial_id | tutorial_title    | tutorial_author |
+-------------+-------------------+-----------------+
|           1 | Udacity AWS       | Max             |
|           2 | Udacity AWS - RDS | Max             |
+-------------+-------------------+-----------------+
2 rows in set (0.00 sec)

mysql> 